// Jest Snapshot v1, https://goo.gl/fbAQLP

exports[`it tests the entire app renders the homepage 1`] = `
<div>
  <div
    class="css-1mr4ysp"
  >
    <div
      class="css-lygqz2"
    >
      <button
        aria-label="Open Menu"
        class="chakra-button css-v4wdal"
        type="button"
      >
        <svg
          aria-hidden="true"
          class="chakra-icon css-onkibi"
          focusable="false"
          viewBox="0 0 24 24"
        >
          <path
            d="M 3 5 A 1.0001 1.0001 0 1 0 3 7 L 21 7 A 1.0001 1.0001 0 1 0 21 5 L 3 5 z M 3 11 A 1.0001 1.0001 0 1 0 3 13 L 21 13 A 1.0001 1.0001 0 1 0 21 11 L 3 11 z M 3 17 A 1.0001 1.0001 0 1 0 3 19 L 21 19 A 1.0001 1.0001 0 1 0 21 17 L 3 17 z"
            fill="currentColor"
          />
        </svg>
      </button>
      <div
        class="chakra-stack css-1ocidfa"
      >
        <div
          class="css-0"
        >
          Code.Pals
        </div>
        <nav
          class="chakra-stack css-5ri2xm"
        >
          <a
            href="/"
            underline="none"
          >
            Home
          </a>
          <a
            href="/create"
            underline="none"
          >
            Create
          </a>
          <a
            href="/results"
            underline="none"
          >
            Search
          </a>
          <a
            href="/chatrooms"
            underline="none"
          >
            Chat
          </a>
          <a
            href="/aboutus"
            underline="none"
          >
            About Us
          </a>
          <a
            href="/login"
            underline="none"
          >
            Login
          </a>
          <div
            class="css-1lekzkb"
          >
            <div
              class="css-gmuwbf"
            >
              <div
                class="chakra-tabs css-13o7eu2"
              >
                <div
                  aria-orientation="horizontal"
                  class="chakra-tabs__tablist css-fgp5ep"
                  role="tablist"
                >
                  <button
                    aria-controls="tabs-1--tabpanel-0"
                    aria-selected="true"
                    class="chakra-tabs__tab css-2urs29"
                    data-index="0"
                    id="tabs-1--tab-0"
                    role="tab"
                    tabindex="0"
                    type="button"
                  >
                    One
                  </button>
                  <button
                    aria-controls="tabs-1--tabpanel-1"
                    aria-selected="false"
                    class="chakra-tabs__tab css-2urs29"
                    data-index="1"
                    id="tabs-1--tab-1"
                    role="tab"
                    tabindex="-1"
                    type="button"
                  >
                    Two
                  </button>
                </div>
              </div>
            </div>
          </div>
        </nav>
      </div>
      <div
        class="css-70qvj9"
      >
        <button
          class="chakra-button css-173s92d"
          type="button"
        >
          <svg
            class="chakra-icon css-onkibi"
            focusable="false"
            viewBox="0 0 24 24"
          >
            <path
              d="M21.4,13.7C20.6,13.9,19.8,14,19,14c-5,0-9-4-9-9c0-0.8,0.1-1.6,0.3-2.4c0.1-0.3,0-0.7-0.3-1 c-0.3-0.3-0.6-0.4-1-0.3C4.3,2.7,1,7.1,1,12c0,6.1,4.9,11,11,11c4.9,0,9.3-3.3,10.6-8.1c0.1-0.3,0-0.7-0.3-1 C22.1,13.7,21.7,13.6,21.4,13.7z"
              fill="currentColor"
            />
          </svg>
        </button>
        <button
          aria-controls="menu-list-3"
          aria-expanded="false"
          aria-haspopup="menu"
          class="chakra-button chakra-menu__menu-button css-hikdd6"
          id="menu-button-3"
          type="button"
        >
          <span
            class="css-xl71ch"
          />
        </button>
        <div
          class="css-r6z5ec"
          style="visibility: hidden; position: absolute; min-width: max-content; inset: 0 auto auto 0;"
        >
          <div
            aria-orientation="vertical"
            class="chakra-menu__menu-list css-1ozmk1d"
            id="menu-list-3"
            role="menu"
            style="transform-origin: var(--popper-transform-origin); opacity: 0; visibility: hidden; transform: scale(0.8) translateZ(0);"
            tabindex="-1"
          >
            <a
              href="/profile/undefined"
              underline="none"
            >
              's
              <hr
                aria-orientation="horizontal"
                class="chakra-menu__divider css-vfkdr8"
                role="separator"
              />
              Profile
            </a>
          </div>
        </div>
      </div>
    </div>
  </div>
  <div
    class="css-0"
  >
    <div
      class="css-1mpt2dh"
    />
  </div>
</div>
`;
